// Jest Snapshot v1, https://goo.gl/fbAQLP

exports[`should render AppHeader correctly 1`] = `
<header>
  <div>
    <a
      aria-hidden="true"
      className="uu-invisible"
      href="abc#content"
      id="focus-element"
    >
      Hopp til hovedinnhold
    </a>
  </div>
  <div
    id="skip-link-wrap"
  >
    <a
      href="abc#content"
      id="skip-link"
    >
      Hopp til hovedinnhold
    </a>
  </div>
  <div
    className="fdk-header"
  >
    <div
      className="container"
    >
      <div
        className="row"
      >
        <div
          className="col-6 col-md-4"
        >
          <a
            href="/"
            title="Link til Felles datakatalog"
          >
            <span
              aria-hidden="false"
              className="uu-invisible"
            >
              GÃ¥ til forside
            </span>
            <img
              alt="Logo for Felles datakatalog"
              className="fdk-logo"
              src="/static/img/logo-registrering.svg"
            />
          </a>
        </div>
        <div
          className="col-md-4 d-flex align-items-center fdk-header-text_items justify-content-end"
        >
          <div
            className="mr-4 fdk-auth-link"
          >
            <button
              className="fdk-btn-no-border"
              onClick={[Function]}
              type="button"
            >
              Logg inn
            </button>
          </div>
        </div>
      </div>
    </div>
  </div>
</header>
`;
