// Jest Snapshot v1, https://goo.gl/fbAQLP

exports[`should render DatasetDetailsPage correctly with datasetItem 1`] = `
<main
  className="container"
  id="content"
>
  <article>
    <div
      className="row"
    >
      <div
        className="col-12 col-lg-4 "
      >
        <StickyMenu
          menuItems={
            Array [
              Object {
                "name": "Description",
                "prefLabel": "Description",
              },
              Object {
                "name": "Use of dataset",
                "prefLabel": "Use of dataset",
              },
              Object {
                "name": "Distributions",
                "prefLabel": "Distributions",
              },
              Object {
                "name": "Sample data",
                "prefLabel": "Sample data",
              },
              Object {
                "name": "Quality",
                "prefLabel": "Quality",
              },
              Object {
                "name": "Subject",
                "prefLabel": "Subject",
              },
              Object {
                "name": "Keyword",
                "prefLabel": "Keyword",
              },
              Object {
                "name": "Contact information",
                "prefLabel": "Contact information",
              },
            ]
          }
        />
      </div>
      <div
        className="col-12 col-lg-8"
      >
        <SideEffect(DocumentMeta)
          description="Datasettet avgrenser område for virkeområdet til lov 6. juni 2009 nr. 35 om naturområder i Oslo og nærliggende kommuner (markaloven) som trådte i kraft 1. september 2009. Markalovens virkeområde er fastsatt i forskrift 4. september 2015 nr. 1032 om justering av markagrensen fastlegger markalovens geografiske virkeområde med tilhørende kart."
          title="AAMarkagrensen Oslo Kommune og nærliggende kommuner"
        />
        <DatasetDescription
          description="Datasettet avgrenser område for virkeområdet til lov 6. juni 2009 nr. 35 om naturområder i Oslo og nærliggende kommuner (markaloven) som trådte i kraft 1. september 2009. Markalovens virkeområde er fastsatt i forskrift 4. september 2015 nr. 1032 om justering av markagrensen fastlegger markalovens geografiske virkeområde med tilhørende kart."
          descriptionFormatted={null}
          harvest={null}
          objective="Datasettes formål er nullam quis rius eget urna mollis ornare vel eu leo. Praesent commodo cursus magna, vel scelerisque nisl consectetur et. Cras mattis consectetur purus sit amet fermentum. Vestibulum id ligula porta felis euismod semper."
          provenance={
            Object {
              "code": "vedtak",
              "prefLabel": Object {
                "nb": "Vedtak",
              },
              "uri": "http://data.brreg.no/datakatalog/provenance/vedtak",
            }
          }
          publisher={
            Object {
              "id": "987654321",
              "name": "TESTETATEN",
              "uri": "http://data.brreg.no/enhetsregisteret/enhet/987654321",
            }
          }
          themes={
            Array [
              Object {
                "title": Object {
                  "nb": "Forvaltning og offentlig støtte",
                },
                "uri": "http://publications.europa.eu/resource/authority/data-theme/GOVE",
              },
              Object {
                "title": Object {
                  "nb": "Miljø",
                },
                "uri": "http://publications.europa.eu/resource/authority/data-theme/ENVI",
              },
            ]
          }
          title="AAMarkagrensen Oslo Kommune og nærliggende kommuner"
        />
        <div
          className="d-flex flex-wrap mb-5"
        >
          <BoxRegular
            subText={
              <t
                ago={false}
                calendar={false}
                decimal={false}
                element="time"
                filter={[Function]}
                format="DD.MM.YYYY"
                fromNow={false}
                interval={60000}
                onChange={[Function]}
                toNow={false}
                unit={null}
                unix={false}
                utc={false}
              >
                2018-04-26T00:00:00+0200
              </t>
            }
            title="Issue date"
          />
          <BoxRegular
            subText={
              <t
                ago={false}
                calendar={false}
                decimal={false}
                element="time"
                filter={[Function]}
                format="DD.MM.YYYY"
                fromNow={false}
                interval={60000}
                onChange={[Function]}
                toNow={false}
                unit={null}
                unix={false}
                utc={false}
              >
                2018-04-26T00:00:00+0200
              </t>
            }
            title="Last modified"
          />
          <BoxRegular
            subText="Årlig"
            title="Update frequency"
          />
        </div>
        <DatasetKeyInfo
          accessRights={
            Object {
              "code": "NON_PUBLIC",
              "prefLabel": Object {
                "nb": "Begrenset",
              },
              "uri": "http://publications.europa.eu/resource/authority/access-right/NON_PUBLIC",
            }
          }
          conformsTo={
            Array [
              Object {
                "extraType": "dct:Standard",
                "prefLabel": Object {
                  "nb": "SOSI",
                },
                "uri": "https://www.kartverket.no/geodataarbeid/standarder/sosi/",
              },
            ]
          }
          informationModel={
            Array [
              Object {
                "prefLabel": Object {
                  "nb": "SKOS",
                },
                "uri": "https://www.w3.org/2004/02/skos/",
              },
            ]
          }
          landingPage={
            Array [
              "http://testetaten.no/landingsside/nr1",
            ]
          }
          language={
            Array [
              Object {
                "code": "NOR",
                "prefLabel": Object {
                  "nb": "Norsk",
                },
                "uri": "http://publications.europa.eu/resource/authority/language/NOR",
              },
            ]
          }
          legalBasisForAccess={
            Array [
              Object {
                "prefLabel": Object {
                  "nb": "Den siste loven med den lengste tittelen § 10",
                },
                "uri": "http://lovdata/paragraph/10",
              },
            ]
          }
          legalBasisForProcessing={
            Array [
              Object {
                "prefLabel": Object {
                  "nb": "Den andre loven med lenger tittel § 2",
                },
                "uri": "http://lovdata/paragraph/2",
              },
            ]
          }
          legalBasisForRestriction={
            Array [
              Object {
                "prefLabel": Object {
                  "nb": "Lov om arkiv [arkivlova]",
                },
                "uri": "https://lovdata.no/dokument/NL/lov/1992-12-04-126",
              },
              Object {
                "prefLabel": Object {
                  "nb": "Den spesifikke loven § 20",
                },
                "uri": "http://lovdata/paragraph/20",
              },
              Object {
                "prefLabel": Object {
                  "nb": "Den mindre spesifikke loven § 26",
                },
                "uri": "http://lovdata/paragraph/26",
              },
            ]
          }
          type="Kodeliste"
        />
        <div
          className="dataset-distributions"
        >
          <DistributionHeading
            title="Distributions"
          />
          <DatasetDistribution
            accessUrl={
              Array [
                "http://www.detteerenlenke.no/til-nedlasting",
                "http://www.detteerenannenlenke.no/til-en-annen-nedlasting
",
                "http://www.detteerentredjelenke.no/til-en-tredje-nedlasting",
              ]
            }
            conformsTo={null}
            defaultopenCollapse={false}
            description="Dette er beskrivelsen av distribusjonen. Vivamus sagittis lacus vel augue laoreet rutrum faucibus dolor auctor. Vestibulum id ligula porta felis euismod semper con desbit arum. Se dokumentasjon for denne distribusjonen."
            distributionTypeItems={null}
            format={null}
            key="dist-0"
            license={
              Object {
                "extraType": "dct:Standard",
                "prefLabel": Object {
                  "nb": "SOSI",
                },
                "uri": "https://www.kartverket.no/geodataarbeid/standarder/sosi/",
              }
            }
            page={
              Array [
                Object {
                  "prefLabel": Object {
                    "nb": "Dokumentasjon av distribusjonen",
                  },
                  "uri": "http://lenke/til/mer/info",
                },
              ]
            }
            type={null}
          />
          <DatasetDistribution
            accessUrl={
              Array [
                "http://www.detteerenlenke.no/til-nedlasting",
                "http://www.detteerenannenlenke.no/til-en-annen-nedlasting
",
                "http://www.detteerentredjelenke.no/til-en-tredje-nedlasting",
              ]
            }
            conformsTo={null}
            defaultopenCollapse={false}
            description="Dette er beskrivelsen av distribusjonen. Vivamus sagittis lacus vel augue laoreet rutrum faucibus dolor auctor. Vestibulum id ligula porta felis euismod semper con desbit arum. Se dokumentasjon for denne distribusjonen."
            distributionTypeItems={null}
            format={null}
            key="dist-1"
            license={
              Object {
                "extraType": "dct:Standard",
                "uri": "http://data.norge.no/nlod",
              }
            }
            page={
              Array [
                Object {
                  "prefLabel": Object {
                    "nb": "Dokumentasjon av distribusjonen",
                  },
                  "uri": "http://lenke/til/mer/info",
                },
              ]
            }
            type={null}
          />
        </div>
        <div
          className="dataset-distributions"
        >
          <DistributionHeading
            title="Sample data"
          />
          <DatasetDistribution
            accessUrl={
              Array [
                "http://www.detteerenlenke.no/til-nedlasting",
              ]
            }
            conformsTo={null}
            defaultopenCollapse={true}
            description="Dette er beskrivelsen av eksempeldataene. Vivamus sagittis lacus vel augue laoreet rutrum faucibus dolor auctor."
            distributionTypeItems={null}
            format={
              Array [
                "application/rdf+xml",
              ]
            }
            key="dist-0"
            license={null}
            page={null}
            type={null}
          />
        </div>
        <DatasetQuality
          accuracyAnnotation="Denne teksten sier noe om nøyaktigheten. Cras mattis consectetur purus sit."
          availabilityAnnotations={null}
          completenessAnnotation="Denne teksten sier noe om komplettheten. Lorem ipsum dolor sit amet, consectetur adipiscing elit. Cras mattis consectetur purus sit amet fermentum."
          hasCurrentnessAnnotation="Denne teksten sier noe om aktualiteten. Lorem ipsum dolor sit amet, consectetur adipiscing elit. Cras mattis consectetur purus sit amet fermentum. Cum sociis natoque penatibus et magnis dis parturient montes, nascetur ridiculus mus."
          provenance="Vedtak"
          relevanceAnnotation="Denne teksten sier noe om relevansen. Lorem ipsum dolor sit amet, consectetur adipiscing elit. Cras mattis consectetur purus sit amet fermentum. Cum sociis natoque penatibus et magnis dis parturient montes."
        />
        <DatasetInfo
          accrualPeriodicity="årlig"
          hasCurrentnessAnnotation="Denne teksten sier noe om aktualiteten. Lorem ipsum dolor sit amet, consectetur adipiscing elit. Cras mattis consectetur purus sit amet fermentum. Cum sociis natoque penatibus et magnis dis parturient montes, nascetur ridiculus mus."
          issued="2018-04-26T00:00:00+0200"
          language={
            Array [
              Object {
                "code": "NOR",
                "prefLabel": Object {
                  "nb": "Norsk",
                },
                "uri": "http://publications.europa.eu/resource/authority/language/NOR",
              },
            ]
          }
          modified="2018-04-26T00:00:00+0200"
          provenance="Vedtak"
          referenceTypeItems={null}
          referencedItems={null}
          references={
            Array [
              Object {
                "referenceType": Object {
                  "code": "hasVersion",
                  "prefLabel": Object {
                    "nb": "Har versjon",
                  },
                  "uri": "http://www.w3.org/2002/07/hasVersion",
                },
                "source": Object {
                  "contactPoint": Array [],
                  "description": Object {},
                  "legalBasisForAccess": Array [],
                  "legalBasisForProcessing": Array [],
                  "legalBasisForRestriction": Array [],
                  "registrationStatus": "DRAFT",
                  "title": Object {
                    "nb": "The first one",
                  },
                  "uri": "http://referenced/dataset",
                },
              },
            ]
          }
          spatial={
            Array [
              Object {
                "prefLabel": Object {
                  "nb": "Asker",
                },
                "uri": "http://www.geonames.org/3162656/asker.html",
              },
              Object {
                "prefLabel": Object {
                  "nb": "Bærum",
                },
                "uri": "http://www.geonames.org/3162212/baerum.html",
              },
              Object {
                "prefLabel": Object {
                  "nb": "Hurum",
                },
                "uri": "http://www.geonames.org/3151404/hurum.html",
              },
              Object {
                "prefLabel": Object {
                  "nb": "Røyken",
                },
                "uri": "http://www.geonames.org/3141104/royken.html",
              },
            ]
          }
          temporal={Array []}
        />
        <ListRegular
          bottomMargin={true}
          title="Subject"
        >
          <TwoColRow
            col1="enhet"
            col2="alt som er registrert med et organisasjonsnummer "
            key="https://data-david.github.io/Begrep/begrep/Enhet"
          />
        </ListRegular>
        <ListRegular
          bottomMargin={true}
          title="Keyword"
        >
          <div
            className="row list-regular--item"
          >
            <span
              key="0"
            >
              Bestemmelse
            </span>
            <span
              key="1"
            >
              , 
              jord
            </span>
            <span
              key="2"
            >
              , 
              regulering
            </span>
            <span
              key="3"
            >
              , 
              statlig bestemmelse
            </span>
          </div>
        </ListRegular>
        <ListRegular
          bottomMargin={true}
          title="Contact information"
        >
          <React.Fragment
            key="http://testetaten.no/url"
          >
            <TwoColRow
              col1="Contact point"
              col2={
                <LinkExternal
                  prefLabel="Avdeling for digitalisering"
                  uri="http://testetaten.no/url"
                />
              }
            />
            <TwoColRow
              col1="Email"
              col2={
                <a
                  href="mailto:digitalisering@kartverket.no"
                  rel="noopener noreferrer"
                  title="digitalisering@kartverket.no"
                >
                  digitalisering@kartverket.no
                </a>
              }
            />
            <TwoColRow
              col1="Phone"
              col2="22306022"
            />
          </React.Fragment>
        </ListRegular>
        <div
          style={
            Object {
              "height": "75vh",
            }
          }
        />
      </div>
    </div>
  </article>
</main>
`;

exports[`should render DatasetDetailsPage correctly with no datasetItem 1`] = `""`;
