// Jest Snapshot v1, https://goo.gl/fbAQLP

exports[`should render Tabs correctly 1`] = `
<React.Fragment>
  <Nav
    tabs={true}
    tag="ul"
    vertical={false}
  >
    <NavItem
      key="0"
      tag="li"
    >
      <NavLink
        className="active"
        onClick={[Function]}
        tag="a"
      >
        Tab content 1
      </NavLink>
    </NavItem>
    <NavItem
      key="1"
      tag="li"
    >
      <NavLink
        className=""
        onClick={[Function]}
        tag="a"
      >
        Tab content 2
      </NavLink>
    </NavItem>
  </Nav>
  <TabContent
    activeTab={0}
    tag="div"
  >
    <TabPane
      key="0"
      tabId={0}
      tag="div"
    />
    <TabPane
      key="1"
      tabId={1}
      tag="div"
    />
  </TabContent>
</React.Fragment>
`;

exports[`should render Tabs correctly with no props 1`] = `<React.Fragment />`;
