// Jest Snapshot v1, https://goo.gl/fbAQLP

exports[`should render DatasetQuality correctly 1`] = `
<ListRegular
  bottomMargin={true}
  title="Quality"
>
  <TwoColRow
    col1="Completeness"
    col2="comleteness"
  />
  <TwoColRow
    col1="Accuracy"
    col2="accuracy"
  />
  <TwoColRow
    col1="Relevance"
    col2="relevance"
  />
  <TwoColRow
    col1="Availability"
    col2="availability"
  />
</ListRegular>
`;
