// Jest Snapshot v1, https://goo.gl/fbAQLP

exports[`should render FormContactPoint correctly 1`] = `
<form>
  <div
    className="form-group"
  >
    <withStateHandlers(Helptext)
      term="ContactPoint_organizational-unit"
      title="Kontaktpunkt"
    />
    <Field
      component={[Function]}
      label="Kontaktpunkt"
      name="contactPoint[0].organizationUnit"
    />
  </div>
  <div
    className="form-group"
  >
    <withStateHandlers(Helptext)
      term="ContactPoint_hasURL"
      title="Kontaktskjema"
    />
    <Field
      component={[Function]}
      label="Kontaktskjema"
      name="contactPoint[0].hasURL"
    />
  </div>
  <div
    className="form-group"
  >
    <withStateHandlers(Helptext)
      term="ContactPoint_hasEmail"
      title="E-post"
    />
    <Field
      component={[Function]}
      label="E-post"
      name="contactPoint[0].email"
    />
  </div>
  <div
    className="form-group"
  >
    <withStateHandlers(Helptext)
      term="ContactPoint_hasTelephone"
      title="Telefon"
    />
    <div
      className="w-50"
    >
      <Field
        component={[Function]}
        label="Telefon"
        name="contactPoint[0].hasTelephone"
      />
    </div>
  </div>
</form>
`;
