// Jest Snapshot v1, https://goo.gl/fbAQLP

exports[`should render ConceptsHitItem correctly 1`] = `
<React.Fragment>
  <article
    className="search-hit fade-in-200"
    title="Begrep: engelsk preflabel14"
  >
    <span
      aria-hidden="false"
      className="uu-invisible"
    >
      SÃ¸ketreff begrep.
    </span>
    <button
      className="btn btn-primary fdk-button float-lg-right ml-0 mt-3 fade-in-400"
      onClick={[Function]}
      type="button"
    >
      <i
        className="fa fa-plus mr-2"
      />
      Add to compare
    </button>
    <div
      className="mb-2 d-flex flex-wrap align-items-baseline"
    >
      <Link
        className="search-hit__title-link"
        replace={false}
        title="API: engelsk preflabel14"
        to="/concepts/14"
      >
        <h2
          className="mr-3"
          name="engelsk preflabel14"
        >
          engelsk preflabel14
        </h2>
      </Link>
    </div>
    <div
      className="mb-4"
    >
      <PublisherLabel
        label="Ansvarlig:"
        publisherItem={
          Object {
            "orgPath": "/ba/be/bi/14",
            "prefLabel": Object {
              "en": "engelsk pub preflabel14",
              "no": "norsk pub preflabel14",
            },
          }
        }
        tag="span"
      />
    </div>
    <p>
      <span
        aria-hidden="false"
        className="uu-invisible"
      >
        Description of concept
      </span>
      engelsk definition14
    </p>
  </article>
</React.Fragment>
`;
