// Jest Snapshot v1, https://goo.gl/fbAQLP

exports[`should render CompareTerms correctly 1`] = `
<div
  className="fdk-container p-4"
>
  <button
    className="float-right btn fdk-text-size-15 fdk-color-blue-dark"
    onClick={[Function]}
  >
    <i
      className="fa fa-minus-circle"
    />
    Â 
    Remove
  </button>
  <h4
    className="clearfix"
  >
    Preflabel 1
  </h4>
  <div>
    Creator 1
  </div>
</div>
`;
