// Jest Snapshot v1, https://goo.gl/fbAQLP

exports[`should render APIListPageComponent correctly 1`] = `
<div
  className="container"
>
  <div
    className="row mb-5"
  >
    <div
      className="col-12"
    >
      <h1>
        API-katalog
      </h1>
      <div
        className="fdk-reg-datasets-publisher mt-2 mb-4"
      >
        RAMSUND OG ROGNAN REVISJON
      </div>
    </div>
  </div>
  <div
    className="row mb-5"
  >
    <div
      className="col-12 d-flex"
    >
      <Button
        className="mr-3 btn btn-primary fdk-button"
        color="primary"
        tag="button"
      >
        <i
          className="fa fa-plus-circle mr-2"
        />
        HÃ¸st spesifikasjoner fra katalog
      </Button>
    </div>
  </div>
</div>
`;
