// Jest Snapshot v1, https://goo.gl/fbAQLP

exports[`should render FormSpatial correctly 1`] = `""`;
