// Jest Snapshot v1, https://goo.gl/fbAQLP

exports[`should render FormApiServiceType, { renderLandingpage  correctly 1`] = `
<form>
  <div
    className="form-group"
  >
    <withStateHandlers(Helptext)
<<<<<<< HEAD
      title="Tjenestetype (standard)"
=======
      title="Status pÃ¥ API-et"
>>>>>>> initial commit
    />
    <Field
      component={[Function]}
      items={Array []}
<<<<<<< HEAD
      name="serviceType"
=======
      name="statusCode"
>>>>>>> initial commit
      saveObject={false}
      valueKey="code"
    />
  </div>
</form>
`;
