// Jest Snapshot v1, https://goo.gl/fbAQLP

exports[`should render InformationModelDetailsPage correctly with informationModelItem 1`] = `
<main
  className="container"
  id="content"
>
  <article>
    <div
      className="row"
    >
      <div
        className="col-12 col-lg-8 offset-lg-4"
      >
        <SideEffect(DocumentMeta)
          description={null}
          title="Enhetsregisteret"
        />
        <HarvestDate
          harvest={
            Object {
              "firstHarvested": "2019-01-14T06:40:56.173Z",
              "lastHarvested": "2019-01-14T06:40:56.173Z",
            }
          }
        />
        <SearchHitHeader
          nationalComponent={false}
          publisher={
            Object {
              "id": "970018131",
              "name": "UTDANNINGSDIREKTORATET",
              "orgPath": "/STAT/872417842/970018131",
              "prefLabel": Object {
                "no": "Utdanningsdirektoratet",
              },
              "uri": "http://data.brreg.no/enhetsregisteret/enhet/970018131",
            }
          }
          publisherItems={null}
          publisherLabel="Provider:"
          publisherTag="span"
          tag="h1"
          theme={null}
          title="Enhetsregisteret"
          titleLink={null}
        />
      </div>
    </div>
    <div
      className="row"
    >
      <div
        className="col-12 col-lg-4 "
      >
        <StickyMenu
          menuItems={
            Array [
              Object {
                "name": "Information models",
                "prefLabel": "Information models",
              },
              Object {
                "name": "Belongs to API",
                "prefLabel": "Belongs to API",
              },
            ]
          }
        />
      </div>
      <section
        className="col-12 col-lg-8 mt-3"
      >
        <ListRegular
          bottomMargin={true}
          title="Information models"
        >
          <div
            className="d-flex list-regular--item"
          />
          <Tabs
            tabContent={
              Array [
                Object {
                  "body": <div>
                    <pre
                      className="whitespace"
                    >
                      {
  "$id": "http://localhost:8080/informationmodels/eadda99c-781e-4900-8f54-8dd298168382/schema",
  "definitions": {
    "Enhet": {
      "properties": {
        "organisasjonsnummer": {
          "type": "string"
        },
        "navn": {
          "type": "string"
        },
        "organisasjonsform": {
          "$ref": "#/definitions/Organisasjonsform"
        },
        "postadresse": {
          "$ref": "#/definitions/Adresse"
        },
        "registreringsdatoEnhetsregisteret": {
          "type": "string"
        },
        "registrertIMvaregisteret": {
          "type": "boolean"
        },
        "naeringskode1": {
          "$ref": "#/definitions/Naeringskode"
        },
        "naeringskode2": {
          "$ref": "#/definitions/Naeringskode"
        },
        "naeringskode3": {
          "$ref": "#/definitions/Naeringskode"
        },
        "antallAnsatte": {
          "type": "integer"
        },
        "forretningsadresse": {
          "$ref": "#/definitions/Adresse"
        },
        "stiftelsedato": {
          "type": "string"
        },
        "institusjonellSektorkode": {
          "$ref": "#/definitions/Sektorkode"
        },
        "registrertIForetaksregisteret": {
          "type": "boolean"
        },
        "registrertIStiftelsesregisteret": {
          "type": "boolean"
        },
        "registrertIFrivillighetsregisteret": {
          "type": "boolean"
        },
        "sisteInnsendteAarsregnskap": {
          "type": "string"
        },
        "konkurs": {
          "type": "boolean"
        },
        "underAvvikling": {
          "type": "boolean"
        },
        "underTvangsavviklingEllerTvangsopplosning": {
          "type": "boolean"
        },
        "maalform": {
          "type": "string"
        },
        "_links": {
          "$ref": "#/definitions/Self"
        }
      }
    },
    "Adresse": {
      "properties": {
        "land": {
          "type": "string"
        },
        "landkode": {
          "type": "string"
        },
        "postnummer": {
          "type": "string"
        },
        "poststed": {
          "type": "string"
        },
        "adresse": {
          "type": "array",
          "items": {
            "type": "string"
          }
        },
        "kommune": {
          "type": "string"
        },
        "kommunenummer": {
          "type": "string"
        }
      }
    },
    "Naeringskode": {
      "properties": {
        "kode": {
          "type": "string"
        },
        "beskrivelse": {
          "type": "string"
        }
      }
    },
    "Sektorkode": {
      "properties": {
        "kode": {
          "type": "string"
        },
        "beskrivelse": {
          "type": "string"
        }
      }
    },
    "_Organisasjonsformer": {
      "properties": {
        "embedded": {
          "$ref": "#/definitions/Organisasjonsformer"
        }
      }
    },
    "Organisasjonsformer": {
      "properties": {
        "organisasjonsformer": {
          "type": "array",
          "items": {
            "$ref": "#/definitions/Organisasjonsform"
          }
        }
      }
    },
    "Organisasjonsform": {
      "properties": {
        "kode": {
          "type": "string"
        },
        "beskrivelse": {
          "type": "string"
        },
        "_links": {
          "$ref": "#/definitions/Self"
        }
      }
    },
    "Self": {
      "properties": {
        "self": {
          "$ref": "#/definitions/Href"
        }
      }
    },
    "Href": {
      "properties": {
        "href": {
          "type": "string"
        }
      }
    }
  }
}
                    </pre>
                  </div>,
                  "title": "JSON Schema",
                },
              ]
            }
          />
        </ListRegular>
        <ListRegular
          bottomMargin={true}
          title="Belongs to API"
        >
          <div
            className="list-regular--item"
          >
            <SearchHitHeader
              nationalComponent={false}
              publisher={
                Object {
                  "id": "970018131",
                  "name": "UTDANNINGSDIREKTORATET",
                  "orgPath": "/STAT/872417842/970018131",
                  "prefLabel": Object {
                    "no": "Utdanningsdirektoratet",
                  },
                  "uri": "http://data.brreg.no/enhetsregisteret/enhet/970018131",
                }
              }
              publisherItems={null}
              publisherLabel="Provider:"
              publisherTag="span"
              tag="h4"
              theme={null}
              title="Enhetsregisteret"
              titleLink="/apis/eadda99c-781e-4900-8f54-8dd298168382"
            />
          </div>
        </ListRegular>
        <div
          style={
            Object {
              "height": "75vh",
            }
          }
        />
      </section>
    </div>
  </article>
</main>
`;

exports[`should render InformationModelDetailsPage correctly with no informationModelItem 1`] = `""`;
