// Jest Snapshot v1, https://goo.gl/fbAQLP

exports[`should render InformationModelReference correctly 1`] = `
<div
  className="d-flex flex-column list-regular--item mb-4"
>
  <Link
    replace={false}
    to="/informationModels/936c581f-9d95-418b-8fce-e452f6bdfd5e"
  >
    <strong>
      Ã…pne Data fra Enhetsregisteret - API Dokumentasjon
    </strong>
  </Link>
</div>
`;

exports[`should render InformationModelReference correctly with no props 1`] = `""`;
