// Jest Snapshot v1, https://goo.gl/fbAQLP

exports[`should render AppDeleteModal correctly 1`] = `
<div>
  <Modal
    autoFocus={true}
    backdrop={true}
    backdropTransition={
      Object {
        "mountOnEnter": true,
        "timeout": 150,
      }
    }
    fade={true}
    isOpen={false}
    keyboard={true}
    modalTransition={
      Object {
        "timeout": 300,
      }
    }
    onClosed={[Function]}
    onOpened={[Function]}
    role="dialog"
    toggle={[Function]}
    zIndex={1050}
  >
    <ModalHeader
      closeAriaLabel="Close"
      tag="h4"
      wrapTag="div"
    />
    <ModalBody
      tag="div"
    />
    <ModalFooter
      className="d-flex justify-content-center"
      tag="div"
    >
      <Button
        color="danger"
        onClick={[Function]}
        tag="button"
      >
        Ja, slett datasettet
      </Button>
      <Button
        color="primary"
        tag="button"
      >
        Nei, behold datasettet
      </Button>
    </ModalFooter>
    <ModalFooter
      tag="div"
    />
  </Modal>
</div>
`;
