// Jest Snapshot v1, https://goo.gl/fbAQLP

exports[`should render PublishersSelect correctly with props 1`] = `
<div
  className="section fdk-report-search-publishers"
>
  <div
    className="fdk-report-search-publishers__header mb-2"
  >
    Choose publisher
  </div>
  <Async
    autoload={true}
    backspaceRemoves={true}
    cache={Object {}}
    ignoreAccents={false}
    ignoreCase={true}
    labelKey="name"
    loadOptions={[Function]}
    loadingPlaceholder="Loading..."
    multi={false}
    options={Array []}
    placeholder="Search publisher..."
    searchPromptText="Type to search"
    value="STAT"
    valueKey="orgPath"
  />
</div>
`;
