// Jest Snapshot v1, https://goo.gl/fbAQLP

exports[`should render FormContentsComponent, { renderS correctly 1`] = `
<form>
  <div
    className="form-group"
  >
    <div
      className="mt-4"
    >
      <div
        className="form-group"
      >
        <withStateHandlers(Helptext)
          term="Dataset_conformsTo"
          title="Standard"
        />
        <FieldArray
          component={[Function]}
          linkLabel="Lenke"
          name="conformsTo"
          titleLabel="Tittel"
        />
      </div>
    </div>
  </div>
  <div
    className="form-group"
  >
    <withStateHandlers(Helptext)
      term="Dataset_hasQualityAnnotation_relevance"
      title="Relevans"
    />
    <Field
      component={[Function]}
      label="Relevans"
      name="hasRelevanceAnnotation.hasBody.nb"
    />
  </div>
  <div
    className="form-group"
  >
    <withStateHandlers(Helptext)
      term="Dataset_hasQualityAnnotation_completeness"
      title="Kompletthet"
    />
    <Field
      component={[Function]}
      label="Kompletthet"
      name="hasCompletenessAnnotation.hasBody.nb"
    />
  </div>
  <div
    className="form-group"
  >
    <withStateHandlers(Helptext)
      term="Dataset_hasQualityAnnotation_accuracy"
      title="Nøyaktighet"
    />
    <Field
      component={[Function]}
      label="Nøyaktighet"
      name="hasAccuracyAnnotation.hasBody.nb"
    />
  </div>
  <div
    className="form-group"
  >
    <withStateHandlers(Helptext)
      term="Dataset_hasQualityAnnotation_availability"
      title="Tilgjengelighet"
    />
    <Field
      component={[Function]}
      label="Tilgjengelighet"
      name="hasAvailabilityAnnotation.hasBody.nb"
    />
  </div>
</form>
`;

exports[`should render renderStandard correctly 1`] = `<div />`;
