// Jest Snapshot v1, https://goo.gl/fbAQLP

exports[`should render SearchPublishersTree correctly with props 1`] = `
<div
  className="pre-scrollable"
/>
`;
