// Jest Snapshot v1, https://goo.gl/fbAQLP

exports[`should render FormInformationModelPure, { renderS correctly 1`] = `
<form>
  <div
    className="form-group"
  >
    <div
      className="mt-4"
    >
      <div
        className="form-group"
      >
        <withStateHandlers(Helptext)
          term="Dataset_informationModel"
          title="Informasjonsmodell"
        />
        <FieldArray
          component={[Function]}
          linkLabel="Lenke"
          name="informationModel"
          titleLabel="Tittel"
        />
      </div>
    </div>
  </div>
</form>
`;

exports[`should render renderInformationModel correctly 1`] = `<div />`;
